
> stellar-suite@0.1.0 test:ui-integration
> tsc --module commonjs --target ES2020 --lib ES2020,DOM --esModuleInterop --skipLibCheck --rootDir src --outDir out-test src/ui/sidebarView.ts src/ui/simulationPanel.ts src/ui/contractFormPanel.ts src/test/uiInteraction.integration.test.ts && node out-test/test/uiInteraction.integration.test.js


UI Interaction Integration Tests
  [test] Sidebar Interactions
  [ok] Sidebar interactions verified
  [test] Simulation Panel Interactions
  [ok] Simulation panel interactions verified
  [test] Contract Form Interactions
  [ok] Contract form interactions verified
  [test] UI State Updates
  [ok] UI state updates verified

4 tests: 4 passed, 0 failed
node.exe : C:\Users\HP\Des
ktop\Work\stellar-suite\ou
t-test\commands\exportComm
ands.js:193
At C:\Users\HP\AppData\Roa
ming\npm\npm.ps1:24 char:5
+     & "node$exe"  "$base
dir/node_modules/npm/bin/n
pm-cli.js" $args
+     ~~~~~~~~~~~~~~~~~~~~
~~~~~~~~~~~~~~~~~~~~~~~~~~
~~~~~~~~~~~~~~~~
    + CategoryInfo        
      : NotSpecified: (C  
  :\Users\HP\Des...Comm   
 ands.js:193:String) [    
], RemoteException
    + FullyQualifiedError 
   Id : NativeCommandErr  
  or
 
        location: vscode.P
rogressLocation.Notificati
on,
                          
                ^

TypeError: Cannot read 
properties of undefined 
(reading 'Notification')
    at performExport (C:\U
sers\HP\Desktop\Work\stell
ar-suite\out-test\commands
\exportCommands.js:193:43)
    at 
exportCurrentSimulation (C
:\Users\HP\Desktop\Work\st
ellar-suite\out-test\comma
nds\exportCommands.js:135:
11)
    at process.processTick
sAndRejections (node:inter
nal/process/task_queues:10
3:5)
    at async SimulationPan
el.exportCurrentResult (C:
\Users\HP\Desktop\Work\ste
llar-suite\out-test\ui\sim
ulationPanel.js:142:9)
    at async C:\Users\HP\D
esktop\Work\stellar-suite\
out-test\ui\simulationPane
l.js:72:21

Node.js v24.13.0
